// Jest Snapshot v1, https://goo.gl/fbAQLP

exports[`UserView renders the component 1`] = `
<div>
  <vusersearchform-stub></vusersearchform-stub>
  <vuserprofile-stub user="[object Object]" aprop="[object Object]"></vuserprofile-stub>
  <p>hello</p>
</div>
`;
